// Jest Snapshot v1, https://goo.gl/fbAQLP

exports[`Image should render correctly 1`] = `
<DocumentFragment>
  <img
    alt="foo"
    class="c-img image"
    src="span"
  />
</DocumentFragment>
`;
