// Jest Snapshot v1, https://goo.gl/fbAQLP

exports[`common/component/element/paragraph should render correctly 1`] = `
<span
  className="is-centered has-columns--2 c-type--p"
  name="paragraph"
>
  P Tag Children
</span>
`;
