// Jest Snapshot v1, https://goo.gl/fbAQLP

exports[`common/component/layout/body should render correctly 1`] = `
<div
  className="l-react__body"
>
  <dialog
    className="l-dialog--loading"
  >
    <div
      className="l-dialog__content"
    >
      <div
        className="c-flip"
      >
        <div
          className="c-flip__front"
        />
        <div
          className="c-flip__back"
        />
      </div>
    </div>
    <div
      className="l-dialog__background"
    />
  </dialog>
  <header
    className="l-header is-visible"
    itemScope={true}
    itemType="http://schema.org/WPHeader"
    role="banner"
  >
    <progress
      className="m-progress"
      id="m-progress"
      max="100"
      value="0"
    >
      <span
        className="m-progress__fallback"
        id="m-progress__fallback"
      />
    </progress>
    <nav
      className="m-nav m-nav--main"
      role="navigation"
    >
      <section
        className="l-grid"
      >
        <div
          className="l-grid__row"
        >
          <div
            className="l-grid__col--12"
          >
            <input
              aria-label={undefined}
              className="m-nav__toggle c-font-icon--menu"
              data-label={undefined}
              type="checkbox"
            />
            <ul
              className="m-menu--aside m-nav__toggle-target m-nav__aside"
              itemScope={true}
              itemType="http://schema.org/ItemList"
              role="menu"
            >
              <li
                className="m-menu__list-item"
                itemProp="itemListElement"
                itemScope={true}
                itemType="http://www.schema.org/SiteNavigationElement"
              >
                <button
                  className="c-btn m-menu__item m-menu__item--en is-active is-hidden c-btn--small c-btn--clear"
                  data-locale="en-EN"
                  onClick={[Function]}
                  role="button"
                  title=""
                  to={undefined}
                  type="button"
                >
                  <span
                    className="c-btn__label"
                  />
                </button>
              </li>
              <li
                className="m-menu__list-item"
                itemProp="itemListElement"
                itemScope={true}
                itemType="http://www.schema.org/SiteNavigationElement"
              >
                <button
                  className="c-btn m-menu__item m-menu__item--de is-hidden c-btn--small c-btn--clear"
                  data-locale="de-DE"
                  onClick={[Function]}
                  role="button"
                  title=""
                  to={undefined}
                  type="button"
                >
                  <span
                    className="c-btn__label"
                  />
                </button>
              </li>
              <li
                className="m-menu__list-item"
                itemProp="itemListElement"
                itemScope={true}
                itemType="http://www.schema.org/SiteNavigationElement"
              >
                <a
                  aria-current={false}
                  className="c-link m-menu__item--search c-btn--small c-btn--clear"
                  href="/search"
                  onClick={[Function]}
                  style={undefined}
                  tabIndex="0"
                  title="Suche"
                >
                  <span
                    className="c-btn__label"
                  >
                    <i
                      aria-hidden="true"
                      className="c-font-icon--search c-btn__icon"
                    />
                  </span>
                </a>
              </li>
            </ul>
          </div>
        </div>
      </section>
    </nav>
  </header>
  Body Children
  <footer
    className="l-footer"
    itemScope={true}
    itemType="http://schema.org/WPFooter"
    role="contentinfo"
  >
    <button
      className="c-btn l-footer__button--up c-font-icon--chevron-up"
      onClick={[Function]}
      role="button"
      title=""
      to={undefined}
      type="button"
    >
      <span
        className="c-btn__label is-visually-hidden"
      />
    </button>
    <nav
      className="m-nav"
      role="navigation"
    >
      <section
        className="l-grid"
      >
        <div
          className="l-grid__spaced--small"
        >
          <div
            className="l-grid__row"
          >
            <div
              className="l-grid__col--12"
            />
          </div>
          <div
            className="l-grid__row"
          >
            <div
              className="l-grid__col--12"
            />
          </div>
          <div
            className="l-grid__row"
          >
            <div
              className="l-grid__col--12"
            >
              <small
                className="c-type--small"
              >
                Â© 
                <strong />
                 
              </small>
            </div>
          </div>
        </div>
      </section>
    </nav>
  </footer>
</div>
`;
