// Jest Snapshot v1, https://goo.gl/fbAQLP

exports[`applyColorScheme should handle color scheme correctly 1`] = `undefined`;

exports[`applyColorScheme should handle color scheme correctly 2`] = `undefined`;

exports[`applyColorScheme should handle color scheme correctly 3`] = `undefined`;
