// Jest Snapshot v1, https://goo.gl/fbAQLP

exports[`common/component/section/list should render correctly 1`] = `
<div
  className="l-main__transition"
>
  <section
    className="l-grid m-section"
  >
    <div
      className="l-grid__spaced--small"
    >
      <div
        className="l-grid__row"
      >
        <div
          className="l-grid__col--12"
        >
          <article
            className="is-main m-article"
            itemScope={true}
            itemType="https://schema.org/Article"
          >
            <div
              className="m-article__text"
              itemProp="text"
            >
              <ul
                className="m-list--broadcast"
                itemScope={true}
                itemType="http://schema.org/ItemList"
                role="list"
              >
                Section list children
              </ul>
            </div>
          </article>
        </div>
      </div>
    </div>
  </section>
</div>
`;
