// Jest Snapshot v1, https://goo.gl/fbAQLP

exports[`SectionFeatured should render correctly 1`] = `
<DocumentFragment>
  <section
    class="l-grid l-main__transition"
  >
    <div
      class="l-grid__row"
    >
      <div
        class="l-grid__col--12"
      >
        <article
          class="has-no-margin m-article"
          itemscope=""
          itemtype="https://schema.org/Article"
        >
          <div
            class="m-article__text"
            itemprop="text"
          />
        </article>
      </div>
    </div>
  </section>
</DocumentFragment>
`;
