// Jest Snapshot v1, https://goo.gl/fbAQLP

exports[`SectionKeyVisual should render correctly 1`] = `
<DocumentFragment>
  <section
    class="l-grid l-main__transition"
  >
    <div
      class="l-grid__row"
    >
      <div
        class="l-grid__col--12"
      />
    </div>
  </section>
</DocumentFragment>
`;
