exports[`common/component/element/legend should render correctly 1`] = `
<legend
  className="m-form__legend legend">
  Legend Children
</legend>
`;
