// Jest Snapshot v1, https://goo.gl/fbAQLP

exports[`common/component/element/small should render correctly 1`] = `
<span
  className="c-type--small small"
>
  Small Children
</span>
`;
