// Jest Snapshot v1, https://goo.gl/fbAQLP

exports[`common/component/module/text/link should render correctly 1`] = `
<div
  className="m-text__link is-centered"
>
  <a
    aria-current={null}
    className="c-link"
    href="/foo"
    onClick={[Function]}
    tabIndex="0"
    title="Module text link title"
  >
    <i
      aria-hidden="true"
      className="c-font-icon--earth"
    />
    Module text link label
  </a>
</div>
`;

exports[`common/component/module/text/link should return null if text is empty 1`] = `null`;
