// Jest Snapshot v1, https://goo.gl/fbAQLP

exports[`common/component/module/reading/item should render correctly 1`] = `
<li
  className="m-list__item"
  itemProp="itemListElement"
  itemScope={true}
  itemType="https://schema.org/Book"
>
  <div
    className="c-reading"
  >
    <h3
      className="is-centered c-type--h3 c-reading__name"
      itemProp="name"
    >
      Headline reading
    </h3>
    <p
      className="c-type--p c-reading__description"
      itemProp="alternateName"
    >
      Lead reading
    </p>
    <small
      className="c-type--small c-reading__source"
      itemProp="creator"
    >
      <span
        className="c-reading__source-creator"
      >
        Creator
      </span>
      <em
        className="c-reading__source-publisher"
      >
        Publisher
      </em>
    </small>
  </div>
</li>
`;
